(document
  (element "div" (class "comment") (id "comment-12")
    (element "p" (class "comment-meta")
      (element "strong"
        (text "Charlie")
      )
      (text "\n        | ")
      (text "January 4, 2004")
    )
    (element "div" (class "comment-content")
      (raw "<p>No website.</p>")
    )
  )
)
